[muke.ai/index.html]
[backblue.gif]
[fade.gif]
[index.html]
[muke.ai/assets/home/image/logo.webp]
[muke.ai/cdn-cgi/l/email-protection.html]
[muke.ai/assets/home/image/logo-word.webp]
[cfcdn.muke.ai/image/undress-ai/seo/undress-main.jpg]
[muke.ai/face-swap/index.html]
[muke.ai/undress-ai/index.html]
[muke.ai/assets/home/image/undress-ai.webp]
[muke.ai/assets/home/image/ai-girlfriend.webp]
[muke.ai/assets/home/image/face-swap.webp]
[muke.ai/assets/home/image/boobs-enlarger.webp]
[muke.ai/sexy-portrait/index.html]
[muke.ai/index.html]
[muke.ai/cdn-cgi/l/email-protection.html]
[muke.ai/cdn-cgi/scripts/5c5dd728/cloudflare-static/email-decode.min.js]
[muke.ai/ai-girlfriend/index.html]
[muke.ai/ai-boobs-enlarger/index.html]
[muke.ai/face-swap/img/logo.webp]
[muke.ai/userspace/common/css/element-index-2.10.0.css]
[muke.ai/blog/index.html]
[muke.ai/face-swap/js/chunk-vendors.e02967bd.js]
[muke.ai/face-swap/js/app.b76836ce.js]
[muke.ai/face-swap/css/app.bda72a0f.css]
[muke.ai/ai-solutions/index.html]
[muke.ai/userspace/common/js/vue-2.6.10.min.js]
[muke.ai/userspace/common/js/element-index-2.10.0.js]
[muke.ai/userspace/pai-components/pai-com-html.js]
[muke.ai/userspace/pai-components/pai-components-1.0.8ec92.css]
[muke.ai/userspace/pai-components/pai-components-1.0.8ec92.js]
[muke.ai/assets/components/pai-components-1.0.1ec92.css]
[muke.ai/assets/components/pai-components-1.0.1ec92.js]
[muke.ai/userspace/seo/css/base.min.new.css]
[muke.ai/userspace/seo/css/page.min.new.css]
[muke.ai/userspace/seo/css/style.min.new.css]
[muke.ai/userspace/seo/js/page.20210122.min.v1.js]
[muke.ai/assets/features/face-swap/seo/3-1.jpg]
[muke.ai/assets/features/face-swap/seo/1-1.jpg]
[muke.ai/assets/features/face-swap/seo/4-1.jpg]
[muke.ai/assets/features/face-swap/seo/2-1.jpg]
[muke.ai/face-swap/index.html]
[muke.ai/undress-ai/img/logo.webp]
[muke.ai/undress-ai/js/chunk-vendors.08aade38.js]
[muke.ai/undress-ai/js/index.5a755fd3.js]
[muke.ai/undress-ai/css/index.3193d060.css]
[muke.ai/assets/seo/css/main3860.css]
[muke.ai/jp/undress-ai/index.html]
[cfcdn.muke.ai/image/undress-ai/seo/undress-summary2.jpg]
[cfcdn.muke.ai/image/undress-ai/seo/undress-summary1.jpg]
[cfcdn.muke.ai/image/undress-ai/seo/undress-play.jpg]
[cfcdn.muke.ai/image/undress-ai/seo/undress-her.jpg]
[muke.ai/kr/undress-ai/index.html]
[cfcdn.muke.ai/image/undress-ai/seo/undress-multiple.jpg]
[cfcdn.muke.ai/image/undress-ai/seo/undress-guide1.jpg]
[cfcdn.muke.ai/image/undress-ai/seo/undress-guide2.jpg]
[cfcdn.muke.ai/image/undress-ai/seo/undress-guide3.jpg]
[muke.ai/de/undress-ai/index.html]
[cfcdn.muke.ai/image/sexy-portrait/seo/portrait-main.jpg]
[cfcdn.muke.ai/image/face-swap/seo/faceswap-main.jpg]
[cfcdn.muke.ai/image/ai-girlfriend/seo/girlfriend-main.jpg]
[muke.ai/assets/seo/js/slider-two-img.js]
[muke.ai/undress-ai/index.html]
[muke.ai/assets/seo/js/carousel.js]
[muke.ai/fr/undress-ai/index.html]
[muke.ai/sexy-portrait/img/logo.webp]
[muke.ai/sexy-portrait/js/chunk-vendors.100f00be.js]
[muke.ai/sexy-portrait/js/index.567598c3.js]
[muke.ai/sexy-portrait/css/index.cb32c487.css]
[cfcdn.muke.ai/image/sexy-portrait/seo/portrait-play.jpg]
[cfcdn.muke.ai/image/sexy-portrait/seo/portrait-people.jpg]
[cfcdn.muke.ai/image/sexy-portrait/seo/portrait-increase.jpg]
[cfcdn.muke.ai/image/sexy-portrait/seo/portrait-device.jpg]
[cfcdn.muke.ai/image/sexy-portrait/seo/portrait-guide1.jpg]
[cfcdn.muke.ai/image/sexy-portrait/seo/portrait-guide2.jpg]
[cfcdn.muke.ai/image/sexy-portrait/seo/portrait-guide3.jpg]
[muke.ai/sexy-portrait/index.html]
[muke.ai/assets/features/grilfriend/seo/logo.webp]
[muke.ai/assets/features/grilfriend/seo/girl-background-lg.png]
[muke.ai/assets/features/grilfriend/seo/1.png]
[muke.ai/assets/features/grilfriend/seo/2.png]
[muke.ai/features/ai-girlfriend/index.html]
[muke.ai/assets/features/grilfriend/seo/7.png]
[muke.ai/assets/features/grilfriend/seo/3.png]
[muke.ai/assets/features/grilfriend/seo/4.png]
[muke.ai/assets/features/grilfriend/seo/5.png]
[muke.ai/assets/features/grilfriend/seo/6.png]
[muke.ai/ai-girlfriend/index.html]
[muke.ai/ai-boobs-enlarger/img/logo.webp]
[muke.ai/ai-boobs-enlarger/js/chunk-vendors.522d2f52.js]
[muke.ai/ai-boobs-enlarger/js/app.fc89d4de.js]
[muke.ai/ai-boobs-enlarger/css/app.ab50e3ba.css]
[muke.ai/assets/features/boob-enlarge/seo/jc1.jpg]
[muke.ai/assets/features/boob-enlarge/seo/01.jpg]
[muke.ai/assets/features/boob-enlarge/seo/02.jpg]
[muke.ai/assets/features/boob-enlarge/seo/03.jpg]
[muke.ai/assets/features/boob-enlarge/seo/04.jpg]
[muke.ai/ai-boobs-enlarger/index.html]
[muke.ai/assets/blog/image/logo.webp]
[muke.ai/blog/assets/style-BWFXjA-X.css]
[muke.ai/blog/assets/app-C5P5tYZr.js]
[muke.ai/blog/assets/index.html-Cu11-Gin.js]
[muke.ai/blog/assets/plugin-vue_export-helper-DlAUqK2U.js]
[muke.ai/blog/assets/index.html-B1Nexir7.js]
[muke.ai/blog/assets/index.html-lgE0u30c.js]
[muke.ai/blog/assets/index.html-CJ_KsvfB.js]
[muke.ai/blog/assets/index.html-Cahim9Lh.js]
[muke.ai/blog/assets/index.html-BuEaWw72.js]
[muke.ai/blog/assets/index.html-CFMhXydj.js]
[muke.ai/blog/assets/index.html-BsTR6uHr.js]
[muke.ai/blog/assets/index.html-8LSqN9_X.js]
[muke.ai/blog/assets/index.html-BNN61p6D.js]
[muke.ai/blog/assets/404.html-CFfudg5o.js]
[muke.ai/blog/assets/index.html-h0c_phqT.js]
[muke.ai/blog/assets/index.html-XdSOeV1t.js]
[muke.ai/blog/assets/index.html-DOzNXoZ5.js]
[muke.ai/blog/assets/index.html-BXqgzltJ.js]
[muke.ai/blog/assets/index.html-Bzvy0k8_.js]
[muke.ai/blog/assets/index.html-UaGk6UOg.js]
[muke.ai/blog/assets/index.html-FaXziL_M.js]
[muke.ai/blog/assets/index.html-CpHyNgS3.js]
[muke.ai/blog/assets/index.html-HPZjvkn4.js]
[muke.ai/blog/assets/index.html-Dt9dcrbP.js]
[muke.ai/blog/assets/index.html-DrAbZgnF.js]
[muke.ai/blog/assets/photoswipe.esm-SzV8tJDW.js]
[muke.ai/assets/blog/image/home.jpg]
[cfcdn.muke.ai/blog/how-to-make-breasts-in-photos-larger-for-free/1.png]
[muke.ai/blog/index.html]
[muke.ai/assets/seo/icon/logo.webp]
[muke.ai/blog/top-5-best-free-undress-ai-2024/index.html]
[muke.ai/blog/how-to-make-your-own-deepnude-fakes/index.html]
[muke.ai/deepnude-ai/index.html]
[muke.ai/blog/the-best-ai-sexy-portrait-online/index.html]
[cfcdn.muke.ai/image/ai-solutions/seo/solutions-main.jpg]
[muke.ai/blog/top-5-ai-porn-chatbots-2024/index.html]
[muke.ai/assets/seo/icon/logo-word.webp]
[cfcdn.muke.ai/image/ai-clothes-remover/seo/clothes-remover-main.jpg]
[muke.ai/blog/herahaven-ai-girlfriend/index.html]
[cfcdn.muke.ai/image/deepnude-ai/seo/deepnude-main.jpg]
[cfcdn.muke.ai/image/ai-nude-generator/seo/nude-generator-main.jpg]
[cfcdn.muke.ai/blog/how-to-make-your-own-deepnude-fakes/img01.jpg]
[cfcdn.muke.ai/blog/top-5-best-free-undress-ai-2024/img01.jpg]
[muke.ai/blog/miocreate-undress-ai/index.html]
[cfcdn.muke.ai/blog/the-best-ai-sexy-portrait-online/01.png]
[cfcdn.muke.ai/blog/top-5-ai-porn-chatbots-2024/02.png]
[cfcdn.muke.ai/blog/herahaven-ai-girlfriend/01.png]
[cfcdn.muke.ai/blog/miocreate-undress-ai/img_2.png]
[muke.ai/blog/how-to-chat-with-chatfriends/index.html]
[cfcdn.muke.ai/blog/how-to-chat-with-chatfriends/img11.png]
[muke.ai/ai-solutions/index.html]
[muke.ai/blog/how-to-make-breasts-in-photos-larger-for-free/index.html]
[muke.ai/blog/how-to-create-deep-nude-photos/index.html]
[muke.ai/userspace/common/css/fonts/element-icons.woff]
[muke.ai/blog/article/index.html]
[muke.ai/userspace/common/css/fonts/element-icons.ttf]
[muke.ai/userspace/common/css/element-index-2.10.0.css]
[muke.ai/face-swap/css/app.bda72a0f.css]
[muke.ai/userspace/pai-components/pai-components-1.0.8ec92.css]
[muke.ai/assets/components/pai-components-1.0.1ec92.css]
[muke.ai/blog/category/index.html]
[muke.ai/blog/tag/index.html]
[muke.ai/userspace/seo/css/base.min.new.css]
[muke.ai/ai-nude-generator/index.html]
[muke.ai/ai-clothes-remover/index.html]
[muke.ai/blog/timeline/index.html]
[muke.ai/userspace/seo/img/app/photoswipe/default-skin.png]
[muke.ai/userspace/seo/img/app/photoswipe/default-skin.svg]
[muke.ai/userspace/seo/img/app/photoswipe/preloader.gif]
[muke.ai/userspace/seo/css/page.min.new.css]
[muke.ai/userspace/seo/css/style.min.new.css]
[muke.ai/jp/undress-ai/img/logo.webp]
[muke.ai/jp/undress-ai/js/chunk-vendors.08aade38.js]
[muke.ai/jp/undress-ai/js/index.96355894.js]
[muke.ai/jp/undress-ai/index.html]
[muke.ai/jp/undress-ai/css/index.3193d060.css]
[muke.ai/kr/undress-ai/img/logo.webp]
[muke.ai/kr/undress-ai/js/chunk-vendors.08aade38.js]
[muke.ai/kr/undress-ai/js/index.14473bb2.js]
[muke.ai/kr/undress-ai/index.html]
[muke.ai/kr/undress-ai/css/index.3193d060.css]
[muke.ai/de/undress-ai/img/logo.webp]
[muke.ai/de/undress-ai/js/chunk-vendors.08aade38.js]
[muke.ai/de/undress-ai/js/index.a359d7a3.js]
[muke.ai/de/undress-ai/index.html]
[muke.ai/de/undress-ai/css/index.3193d060.css]
[muke.ai/fr/undress-ai/img/logo.webp]
[muke.ai/fr/undress-ai/js/chunk-vendors.08aade38.js]
[muke.ai/fr/undress-ai/js/index.2b6c78e3.js]
[muke.ai/fr/undress-ai/index.html]
[muke.ai/fr/undress-ai/css/index.3193d060.css]
[image.remaker.ai/assets/bgremaker/ex-img/mask.jpg]
[muke.ai/undress-ai/css/index.3193d060.css]
[muke.ai/assets/seo/fonts/trebuc.woff]
[remaker.ai/userspace/saasbox/image/muke-logo/bg.8e.delayed]
[muke.ai/assets/seo/css/main3860.css]
[muke.ai/sexy-portrait/css/index.cb32c487.css]
[muke.ai/features/ai-girlfriend/img/logo.webp]
[muke.ai/features/ai-girlfriend/index.html]
[muke.ai/ai-boobs-enlarger/css/app.ab50e3ba.css]
[muke.ai/blog/assets/style-BWFXjA-X.css]
[cfcdn.muke.ai/blog/how-to-make-your-own-deepnude-fakes/img02.jpg]
[cfcdn.muke.ai/blog/how-to-make-your-own-deepnude-fakes/img03.jpg]
[cfcdn.muke.ai/blog/how-to-make-your-own-deepnude-fakes/img04.jpg]
[cfcdn.muke.ai/blog/how-to-make-your-own-deepnude-fakes/img05.jpg]
[cfcdn.muke.ai/blog/how-to-make-your-own-deepnude-fakes/img06.jpg]
[cfcdn.muke.ai/blog/how-to-make-your-own-deepnude-fakes/img07.jpg]
[cfcdn.muke.ai/blog/how-to-make-your-own-deepnude-fakes/img08.jpg]
[muke.ai/blog/how-to-make-your-own-deepnude-fakes/index.html]
[cfcdn.muke.ai/blog/top-5-best-free-undress-ai-2024/img02.jpg]
[cfcdn.muke.ai/blog/top-5-best-free-undress-ai-2024/img06.jpg]
[cfcdn.muke.ai/blog/top-5-best-free-undress-ai-2024/img07.png]
[cfcdn.muke.ai/blog/top-5-best-free-undress-ai-2024/img04.jpg]
[cfcdn.muke.ai/blog/top-5-best-free-undress-ai-2024/img05.jpg]
[muke.ai/blog/top-5-best-free-undress-ai-2024/index.html]
[cfcdn.muke.ai/image/deepnude-ai/seo/deepnude-what.jpg]
[cfcdn.muke.ai/image/deepnude-ai/seo/deepnude-work.jpg]
[cfcdn.muke.ai/image/deepnude-ai/seo/deepnude-like.jpg]
[cfcdn.muke.ai/image/deepnude-ai/seo/deepnude-portrait.jpg]
[cfcdn.muke.ai/image/deepnude-ai/seo/deepnude-creativity.jpg]
[cfcdn.muke.ai/image/deepnude-ai/seo/deepnude-guide1.jpg]
[cfcdn.muke.ai/image/deepnude-ai/seo/deepnude-guide2.jpg]
[cfcdn.muke.ai/image/deepnude-ai/seo/deepnude-guide3.jpg]
[muke.ai/deepnude-ai/index.html]
[cfcdn.muke.ai/blog/the-best-ai-sexy-portrait-online/05.png]
[cfcdn.muke.ai/blog/the-best-ai-sexy-portrait-online/02.png]
[cfcdn.muke.ai/blog/the-best-ai-sexy-portrait-online/03.png]
[cfcdn.muke.ai/blog/the-best-ai-sexy-portrait-online/04.png]
[muke.ai/blog/the-best-ai-sexy-portrait-online/index.html]
[cfcdn.muke.ai/blog/top-5-ai-porn-chatbots-2024/03.png]
[cfcdn.muke.ai/blog/top-5-ai-porn-chatbots-2024/04.png]
[cfcdn.muke.ai/blog/top-5-ai-porn-chatbots-2024/05.png]
[cfcdn.muke.ai/blog/top-5-ai-porn-chatbots-2024/06.png]
[cfcdn.muke.ai/blog/top-5-ai-porn-chatbots-2024/07.png]
[cfcdn.muke.ai/blog/top-5-ai-porn-chatbots-2024/08.png]
[cfcdn.muke.ai/blog/top-5-ai-porn-chatbots-2024/09.png]
[cfcdn.muke.ai/blog/top-5-ai-porn-chatbots-2024/10.png]
[cfcdn.muke.ai/blog/top-5-ai-porn-chatbots-2024/01.png]
[cfcdn.muke.ai/blog/top-5-ai-porn-chatbots-2024/11.png]
[muke.ai/blog/top-5-ai-porn-chatbots-2024/index.html]
[cfcdn.muke.ai/blog/herahaven-ai-girlfriend/04.png]
[cfcdn.muke.ai/blog/herahaven-ai-girlfriend/02.png]
[cfcdn.muke.ai/blog/herahaven-ai-girlfriend/03.png]
[cfcdn.muke.ai/blog/herahaven-ai-girlfriend/06.png]
[cfcdn.muke.ai/blog/herahaven-ai-girlfriend/img14.png]
[cfcdn.muke.ai/blog/herahaven-ai-girlfriend/13.png]
[cfcdn.muke.ai/blog/herahaven-ai-girlfriend/14.png]
[cfcdn.muke.ai/blog/herahaven-ai-girlfriend/16.png]
[muke.ai/blog/herahaven-ai-girlfriend/index.html]
[cfcdn.muke.ai/blog/miocreate-undress-ai/img_3.png]
[cfcdn.muke.ai/blog/miocreate-undress-ai/img_4.png]
[cfcdn.muke.ai/blog/miocreate-undress-ai/img_5.png]
[cfcdn.muke.ai/blog/miocreate-undress-ai/img_6.png]
[cfcdn.muke.ai/blog/miocreate-undress-ai/img13.png]
[cfcdn.muke.ai/blog/miocreate-undress-ai/img_8.png]
[cfcdn.muke.ai/blog/miocreate-undress-ai/img11.png]
[cfcdn.muke.ai/blog/miocreate-undress-ai/img_1.png]
[cfcdn.muke.ai/blog/miocreate-undress-ai/img14.png]
[muke.ai/blog/miocreate-undress-ai/index.html]
[cfcdn.muke.ai/blog/how-to-chat-with-chatfriends/img07.png]
[cfcdn.muke.ai/blog/how-to-chat-with-chatfriends/img03.png]
[cfcdn.muke.ai/blog/how-to-chat-with-chatfriends/img04.png]
[cfcdn.muke.ai/blog/how-to-chat-with-chatfriends/img05.png]
[cfcdn.muke.ai/blog/how-to-chat-with-chatfriends/img06.png]
[muke.ai/blog/how-to-chat-with-chatfriends/index.html]
[cfcdn.muke.ai/blog/how-to-make-breasts-in-photos-larger-for-free/2.png]
[cfcdn.muke.ai/blog/how-to-make-breasts-in-photos-larger-for-free/step.jpg]
[cfcdn.muke.ai/blog/how-to-make-breasts-in-photos-larger-for-free/3.png]
[muke.ai/blog/how-to-make-breasts-in-photos-larger-for-free/index.html]
[muke.ai/blog/how-to-create-deep-nude-photos/index.html]
[muke.ai/blog/article/index.html]
[muke.ai/blog/category/index.html]
[muke.ai/blog/tag/index.html]
[muke.ai/blog/timeline/index.html]
[muke.ai/blog/tag/undress/index.html]
[muke.ai/blog/tag/ai-girlfriend/index.html]
[muke.ai/blog/star/index.html]
[muke.ai/blog/tag/deep-nude/index.html]
[muke.ai/blog/tag/ai-breasts-enlarger/index.html]
[cfcdn.muke.ai/image/ai-clothes-remover/seo/clothes-remover-generator.jpg]
[cfcdn.muke.ai/image/ai-clothes-remover/seo/clothes-remover-advantages.jpg]
[muke.ai/blog/tag/deepnude/index.html]
[cfcdn.muke.ai/image/ai-clothes-remover/seo/clothes-remover-clothoff.jpg]
[cfcdn.muke.ai/image/ai-clothes-remover/seo/clothes-remover-portrait.jpg]
[muke.ai/ai-clothes-remover/index.html]
[cfcdn.muke.ai/image/ai-nude-generator/seo/nude-generator-what.jpg]
[muke.ai/blog/tag/sexy-portrait/index.html]
[cfcdn.muke.ai/image/ai-nude-generator/seo/nude-generator-work.jpg]
[cfcdn.muke.ai/image/ai-nude-generator/seo/nude-generator-funny.jpg]
[cfcdn.muke.ai/image/ai-nude-generator/seo/nude-generator-gameplay.jpg]
[cfcdn.muke.ai/image/ai-nude-generator/seo/nude-generator-guide1.jpg]
[cfcdn.muke.ai/image/ai-nude-generator/seo/nude-generator-guide2.jpg]
[cfcdn.muke.ai/image/ai-nude-generator/seo/nude-generator-guide3.jpg]
[muke.ai/ai-nude-generator/index.html]
[muke.ai/userspace/common/css/fonts/element-icons.ttf]
[muke.ai/userspace/seo/img/app/photoswipe/default-skin.png]
[muke.ai/userspace/seo/img/app/photoswipe/default-skin.svg]
[muke.ai/userspace/seo/img/app/photoswipe/preloader.gif]
[muke.ai/jp/undress-ai/css/index.3193d060.css]
[muke.ai/kr/undress-ai/css/index.3193d060.css]
[muke.ai/de/undress-ai/css/index.3193d060.css]
[muke.ai/fr/undress-ai/css/index.3193d060.css]
[remaker.ai/userspace/saasbox/image/muke-logo/bg.html]
[muke.ai/blog/star/index.html]
[muke.ai/blog/tag/ai-girlfriend/index.html]
[muke.ai/blog/tag/undress/index.html]
[muke.ai/blog/tag/deep-nude/index.html]
[muke.ai/blog/tag/ai-breasts-enlarger/index.html]
[muke.ai/blog/tag/deepnude/index.html]
[muke.ai/blog/tag/sexy-portrait/index.html]
